stm32f3xx_ll_gpio.h:879:22:LL_GPIO_SetOutputPin	16	static
stm32f3xx_ll_gpio.h:908:22:LL_GPIO_ResetOutputPin	16	static
display.c:58:6:DISPLAY_displayCurStr	16	static
display.c:69:6:updateAlphanumChar	24	static
display.c:76:6:updateDecimalPoint	16	static
display.c:82:6:setDigit	16	static
display.c:87:6:resetAllSegments	16	static
display.c:94:6:resetAllDigits	16	static
display.c:102:6:DISPLAY_shiftCurStr	8	static
display.c:110:6:updateCurPos	16	static
display.c:114:6:updateShiftDir	16	static
display.c:124:6:setCurStr	24	static
display.c:131:6:DISPLAY_setCompStr	24	static
display.c:155:6:DISPLAY_resetCurPos	4	static
