stm32f3xx_ll_gpio.h:879:22:LL_GPIO_SetOutputPin	16	static
stm32f3xx_ll_gpio.h:908:22:LL_GPIO_ResetOutputPin	16	static
display.c:54:6:DISPLAY_displayCurStr	16	static
display.c:65:6:updateAlphanumChar	24	static
display.c:72:6:updateDecimalPoint	16	static
display.c:78:6:setDigit	16	static
display.c:83:6:resetAllSegments	16	static
display.c:90:6:resetAllDigits	16	static
display.c:98:6:DISPLAY_shiftCurStr	8	static
display.c:106:6:updateCurPos	16	static
display.c:110:6:updateShiftDir	16	static
display.c:120:6:setCurStr	24	static
display.c:127:6:DISPLAY_setCompStr	24	static
display.c:150:6:DISPLAY_resetCurPos	4	static
