core_cm4.h:1657:22:__NVIC_SetPriorityGrouping	24	static
stm32f3xx_ll_rcc.h:1086:22:LL_RCC_HSI_Enable	4	static
stm32f3xx_ll_rcc.h:1106:26:LL_RCC_HSI_IsReady	4	static
stm32f3xx_ll_rcc.h:1132:22:LL_RCC_HSI_SetCalibTrimming	16	static
stm32f3xx_ll_rcc.h:1290:22:LL_RCC_SetSysClkSource	16	static
stm32f3xx_ll_rcc.h:1303:26:LL_RCC_GetSysClkSource	4	static
stm32f3xx_ll_rcc.h:1323:22:LL_RCC_SetAHBPrescaler	16	static
stm32f3xx_ll_rcc.h:1339:22:LL_RCC_SetAPB1Prescaler	16	static
stm32f3xx_ll_rcc.h:1355:22:LL_RCC_SetAPB2Prescaler	16	static
stm32f3xx_ll_rcc.h:1533:22:LL_RCC_SetI2CClockSource	16	static
stm32f3xx_ll_bus.h:537:22:LL_APB1_GRP1_EnableClock	24	static
stm32f3xx_ll_bus.h:851:22:LL_APB2_GRP1_EnableClock	24	static
stm32f3xx_ll_system.h:1618:22:LL_FLASH_SetLatency	16	static
stm32f3xx_ll_system.h:1631:26:LL_FLASH_GetLatency	4	static
stm32f3xx_ll_gpio.h:798:26:LL_GPIO_IsInputPinSet	16	static
main.c:80:5:main	8	static
main.c:138:6:SystemClock_Config	8	static
main.c:168:7:writeDisplay	16	static
main.c:189:7:MAIN_buttonShiftDataID	8	static
main.c:195:10:MAIN_checkButtonState	32	static
main.c:211:7:MAIN_updateData	8	static
main.c:223:8:adjustData	24	static
main.c:236:8:calcAzimuth	24	static
main.c:242:8:calcAltitude	32	static
main.c:257:6:Error_Handler	4	static
