core_cm4.h:1676:26:__NVIC_GetPriorityGrouping	4	static
core_cm4.h:1688:22:__NVIC_EnableIRQ	16	static
core_cm4.h:1816:22:__NVIC_SetPriority	16	static
core_cm4.h:1863:26:NVIC_EncodePriority	40	static
stm32f3xx_ll_bus.h:537:22:LL_APB1_GRP1_EnableClock	24	static
stm32f3xx_ll_tim.h:1353:22:LL_TIM_EnableCounter	16	static
stm32f3xx_ll_tim.h:1544:22:LL_TIM_DisableARRPreload	16	static
stm32f3xx_ll_tim.h:2317:22:LL_TIM_OC_DisableFast	24	static
stm32f3xx_ll_tim.h:3305:22:LL_TIM_SetClockSource	16	static
stm32f3xx_ll_tim.h:3351:22:LL_TIM_SetTriggerOutput	16	static
stm32f3xx_ll_tim.h:3451:22:LL_TIM_DisableMasterSlaveMode	16	static
stm32f3xx_ll_tim.h:4349:22:LL_TIM_EnableIT_UPDATE	16	static
tim.c:29:6:MX_TIM2_Init	64	static
tim.c:61:6:MX_TIM3_Init	64	static
tim.c:94:6:add_TIM2_Init	8	static
tim.c:99:6:add_TIM3_Init	8	static
